// Vitest Snapshot v1, https://vitest.dev/guide/snapshot.html

exports[`sitemap.xml > matches snapshot (production baseline) 1`] = `
"<?xml version="1.0" encoding="UTF-8"?>
<urlset xmlns="http://www.sitemaps.org/schemas/sitemap/0.9" xmlns:xhtml="http://www.w3.org/1999/xhtml"><url><loc>https://bentoo.org/</loc><xhtml:link rel="alternate" hreflang="en" href="https://bentoo.org/"/><xhtml:link rel="alternate" hreflang="pt-BR" href="https://bentoo.org/pt/"/><xhtml:link rel="alternate" hreflang="x-default" href="https://bentoo.org/"/></url><url><loc>https://bentoo.org/pt/</loc><xhtml:link rel="alternate" hreflang="en" href="https://bentoo.org/"/><xhtml:link rel="alternate" hreflang="pt-BR" href="https://bentoo.org/pt/"/><xhtml:link rel="alternate" hreflang="x-default" href="https://bentoo.org/"/></url></urlset>"
`;
